// Jest Snapshot v1, https://goo.gl/fbAQLP

exports[`renders correctly 1`] = `
<View
  accessible={true}
  isTVSelectable={true}
  onResponderGrant={[Function]}
  onResponderMove={[Function]}
  onResponderRelease={[Function]}
  onResponderTerminate={[Function]}
  onResponderTerminationRequest={[Function]}
  onStartShouldSetResponder={[Function]}
  style={
    Object {
      "alignItems": "center",
      "flexDirection": "row",
      "height": 60,
      "marginLeft": 15,
      "opacity": 1,
    }
  }
>
  <View>
    <Text>
      Campaing Row prints TestName-2
    </Text>
    <Text />
  </View>
  <View
    style={
      Object {
        "flex": 1,
      }
    }
  />
  <View
    style={
      Object {
        "marginRight": 15,
      }
    }
  >
    <Text>
      &gt;
    </Text>
  </View>
</View>
`;
