// Jest Snapshot v1, https://goo.gl/fbAQLP

exports[`renders CampaignMainRow correctly 1`] = `
<View
  accessible={true}
  isTVSelectable={true}
  onResponderGrant={[Function]}
  onResponderMove={[Function]}
  onResponderRelease={[Function]}
  onResponderTerminate={[Function]}
  onResponderTerminationRequest={[Function]}
  onStartShouldSetResponder={[Function]}
  style={
    Object {
      "alignItems": "center",
      "flexDirection": "row",
      "marginBottom": 25,
      "marginLeft": 15,
      "opacity": 1,
    }
  }
>
  <View>
    <Text
      style={
        Array [
          Object {},
          undefined,
          undefined,
          undefined,
          Object {
            "fontSize": 27.5,
          },
          undefined,
          undefined,
          undefined,
          Object {},
          undefined,
          undefined,
        ]
      }
    >
      Campaing Row prints TestName-2
    </Text>
    <Text
      style={
        Array [
          Object {},
          undefined,
          undefined,
          undefined,
          undefined,
          undefined,
          undefined,
          undefined,
          undefined,
          undefined,
          undefined,
        ]
      }
    >
      Goal: undefined
    </Text>
    <Text
      style={
        Array [
          Object {},
          undefined,
          undefined,
          undefined,
          undefined,
          undefined,
          undefined,
          undefined,
          undefined,
          undefined,
          undefined,
        ]
      }
    >
      Budget: undefined
    </Text>
    <Text
      style={
        Array [
          Object {},
          undefined,
          undefined,
          undefined,
          undefined,
          undefined,
          undefined,
          undefined,
          undefined,
          undefined,
          undefined,
        ]
      }
    >
      Status: undefined
    </Text>
  </View>
  <View
    style={
      Object {
        "flex": 1,
      }
    }
  />
  <View
    style={
      Object {
        "marginRight": 15,
      }
    }
  >
    <Text
      style={
        Array [
          Object {},
          undefined,
          undefined,
          undefined,
          undefined,
          undefined,
          undefined,
          undefined,
          undefined,
          undefined,
          undefined,
        ]
      }
    >
      &gt;
    </Text>
  </View>
</View>
`;
